// Jest Snapshot v1, https://goo.gl/fbAQLP

exports[`issue-comment-list should render 1`] = `
<DocumentFragment>
  <div
    class="IssueCommentList"
  >
    <div
      class="IssueCommentList-title"
    >
      Comments (2)
    </div>
    <div
      class="IssueCommentList-comments"
    >
      <div>
        issue-comment-item
      </div>
      <div>
        issue-comment-item
      </div>
    </div>
    <div
      class="IssueCommentList-loadMore"
    >
      load more comments
    </div>
  </div>
</DocumentFragment>
`;
