// Jest Snapshot v1, https://goo.gl/fbAQLP

exports[`issue-comments-item should render 1`] = `
<DocumentFragment>
  <div
    class="IssueCommentsItem"
    data-testid="IssueCommentsItem"
  >
    <div
      class="IssueCommentsItem-detail"
    >
      <div>
        testAuthor1
      </div>
      <div>
        12.02.2023 10:43
      </div>
    </div>
    <div
      class="IssueCommentsItem-comment"
    >
      issue comment 1
    </div>
  </div>
</DocumentFragment>
`;
