// Jest Snapshot v1, https://goo.gl/fbAQLP

exports[`header should render 1`] = `
<DocumentFragment>
  <div
    class="Header"
  >
    <div
      class="Header-title"
    >
      GitHub Issues Browser
    </div>
    <div
      class="Header-navigation"
    >
      <a
        class="Header-link Header-selectedLink"
        href="/"
      >
        React GitHub Issues
      </a>
      <a
        class="Header-link"
        href="/about"
      >
        About
      </a>
    </div>
  </div>
</DocumentFragment>
`;
