// Jest Snapshot v1, https://goo.gl/fbAQLP

exports[`issue-item should render 1`] = `
<DocumentFragment>
  <div
    class="IssueItem"
  >
    <div
      class="IssueItem-header"
    >
      <div
        class="IssueItem-titleAndState"
      >
        <div
          class="IssueItem-title"
        >
          Bug: Failed when set homepage in package.json or set PUBLIC_URL
        </div>
        <div>
          issue-state-badge
        </div>
      </div>
      <div
        class="IssueItem-detail"
      >
        <div>
          #26126
        </div>
        <div>
          08.02.2023 09:50
        </div>
        <div>
          testAuthor1
        </div>
      </div>
    </div>
    <div
      class="IssueItem-body"
    >
      test issue1 body
    </div>
    <div>
      issue-comments
    </div>
  </div>
</DocumentFragment>
`;
