// Jest Snapshot v1, https://goo.gl/fbAQLP

exports[`issue-comment-list-item should render 1`] = `
<DocumentFragment>
  <div
    class="IssueCommentListItem"
    data-testid="IssueCommentListItem"
  >
    <div
      class="IssueCommentListItem-detail"
    >
      <div>
        testAuthor1
      </div>
      <div>
        12.02.2023 10:43
      </div>
    </div>
    <div
      class="IssueCommentListItem-comment"
    >
      issue comment 1
    </div>
  </div>
</DocumentFragment>
`;
